------------------------------------------------------------
TimeQuest Timing Analyzer Summary
------------------------------------------------------------

Type  : Slow 1200mV 85C Model Setup 'seg_led:u_seg_led|dri_clk'
Slack : -48.634
TNS   : -917.972

Type  : Slow 1200mV 85C Model Setup 'sys_clk'
Slack : -4.266
TNS   : -196.099

Type  : Slow 1200mV 85C Model Hold 'sys_clk'
Slack : 0.004
TNS   : 0.000

Type  : Slow 1200mV 85C Model Hold 'seg_led:u_seg_led|dri_clk'
Slack : 0.455
TNS   : 0.000

Type  : Slow 1200mV 85C Model Minimum Pulse Width 'sys_clk'
Slack : -3.000
TNS   : -92.220

Type  : Slow 1200mV 85C Model Minimum Pulse Width 'seg_led:u_seg_led|dri_clk'
Slack : -1.487
TNS   : -86.246

Type  : Slow 1200mV 0C Model Setup 'seg_led:u_seg_led|dri_clk'
Slack : -44.655
TNS   : -839.950

Type  : Slow 1200mV 0C Model Setup 'sys_clk'
Slack : -3.851
TNS   : -177.988

Type  : Slow 1200mV 0C Model Hold 'sys_clk'
Slack : 0.036
TNS   : 0.000

Type  : Slow 1200mV 0C Model Hold 'seg_led:u_seg_led|dri_clk'
Slack : 0.404
TNS   : 0.000

Type  : Slow 1200mV 0C Model Minimum Pulse Width 'sys_clk'
Slack : -3.000
TNS   : -92.220

Type  : Slow 1200mV 0C Model Minimum Pulse Width 'seg_led:u_seg_led|dri_clk'
Slack : -1.487
TNS   : -86.246

Type  : Fast 1200mV 0C Model Setup 'seg_led:u_seg_led|dri_clk'
Slack : -20.244
TNS   : -370.727

Type  : Fast 1200mV 0C Model Setup 'sys_clk'
Slack : -1.210
TNS   : -50.867

Type  : Fast 1200mV 0C Model Hold 'sys_clk'
Slack : -0.201
TNS   : -0.201

Type  : Fast 1200mV 0C Model Hold 'seg_led:u_seg_led|dri_clk'
Slack : 0.185
TNS   : 0.000

Type  : Fast 1200mV 0C Model Minimum Pulse Width 'sys_clk'
Slack : -3.000
TNS   : -67.266

Type  : Fast 1200mV 0C Model Minimum Pulse Width 'seg_led:u_seg_led|dri_clk'
Slack : -1.000
TNS   : -58.000

------------------------------------------------------------
